// Jest Snapshot v1, https://goo.gl/fbAQLP

exports[`Header - Render Component 1`] = `
<div
  className="root"
>
  <header
    className="MuiPaper-root MuiAppBar-root MuiAppBar-positionStatic MuiAppBar-colorPrimary MuiPaper-elevation4"
  >
    <div
      className="MuiToolbar-root MuiToolbar-regular MuiToolbar-gutters"
    >
      <h6
        className="MuiTypography-root title MuiTypography-h6"
      >
        AutoFi
      </h6>
    </div>
  </header>
</div>
`;
